// Jest Snapshot v1, https://goo.gl/fbAQLP

exports[`renders correctly 1`] = `
<button
  className="btn btn-danger btn-block"
  onClick={[Function]}
>
  Log Out
</button>
`;
